mode: atomic
github.com/11SF/dogjohn-be/app/feeder/feeder_handler.go:15.57,19.16 3 3
github.com/11SF/dogjohn-be/app/feeder/feeder_handler.go:19.16,23.3 2 1
github.com/11SF/dogjohn-be/app/feeder/feeder_handler.go:25.2,28.4 1 2
github.com/11SF/dogjohn-be/app/feeder/handler.go:15.45,19.2 1 3
github.com/11SF/dogjohn-be/config/config.go:81.30,82.13 1 5
github.com/11SF/dogjohn-be/config/config.go:82.13,84.3 1 1
github.com/11SF/dogjohn-be/config/config.go:86.2,86.30 1 4
github.com/11SF/dogjohn-be/config/config.go:89.33,90.17 1 0
github.com/11SF/dogjohn-be/config/config.go:90.17,97.17 4 0
github.com/11SF/dogjohn-be/config/config.go:97.17,99.4 1 0
github.com/11SF/dogjohn-be/config/config.go:102.2,102.15 1 0
github.com/11SF/dogjohn-be/config/env.go:10.13,12.2 1 1
github.com/11SF/dogjohn-be/config/env.go:21.24,23.2 1 0
github.com/11SF/dogjohn-be/config/env.go:25.22,27.2 1 0
github.com/11SF/dogjohn-be/config/env.go:29.22,31.2 1 0
github.com/11SF/dogjohn-be/config/env.go:33.23,35.2 1 0
github.com/11SF/dogjohn-be/config/parser.go:5.51,8.38 2 3
github.com/11SF/dogjohn-be/config/parser.go:8.38,10.3 1 0
github.com/11SF/dogjohn-be/config/parser.go:16.2,18.15 2 3
github.com/11SF/dogjohn-be/app/order/handler.go:25.45,33.2 1 27
github.com/11SF/dogjohn-be/app/order/order_get_handler.go:26.44,31.40 4 3
github.com/11SF/dogjohn-be/app/order/order_get_handler.go:31.40,35.3 2 1
github.com/11SF/dogjohn-be/app/order/order_get_handler.go:36.2,36.16 1 2
github.com/11SF/dogjohn-be/app/order/order_get_handler.go:36.16,40.3 2 1
github.com/11SF/dogjohn-be/app/order/order_get_handler.go:42.2,52.4 1 1
github.com/11SF/dogjohn-be/app/order/order_get_handler.go:65.81,76.2 1 1
github.com/11SF/dogjohn-be/app/order/order_history_handler.go:20.51,26.36 4 3
github.com/11SF/dogjohn-be/app/order/order_history_handler.go:26.36,27.44 1 2
github.com/11SF/dogjohn-be/app/order/order_history_handler.go:27.44,29.4 1 2
github.com/11SF/dogjohn-be/app/order/order_history_handler.go:31.2,31.37 1 3
github.com/11SF/dogjohn-be/app/order/order_history_handler.go:31.37,32.44 1 2
github.com/11SF/dogjohn-be/app/order/order_history_handler.go:32.44,34.4 1 2
github.com/11SF/dogjohn-be/app/order/order_history_handler.go:37.2,41.16 2 3
github.com/11SF/dogjohn-be/app/order/order_history_handler.go:41.16,45.3 2 1
github.com/11SF/dogjohn-be/app/order/order_history_handler.go:47.2,48.96 1 2
github.com/11SF/dogjohn-be/app/order/order_history_handler.go:48.96,50.4 1 1
github.com/11SF/dogjohn-be/app/order/order_submit_handler.go:22.47,28.19 4 19
github.com/11SF/dogjohn-be/app/order/order_submit_handler.go:28.19,33.3 3 1
github.com/11SF/dogjohn-be/app/order/order_submit_handler.go:35.2,35.24 1 18
github.com/11SF/dogjohn-be/app/order/order_submit_handler.go:35.24,37.3 1 1
github.com/11SF/dogjohn-be/app/order/order_submit_handler.go:39.2,40.16 2 18
github.com/11SF/dogjohn-be/app/order/order_submit_handler.go:40.16,45.3 3 1
github.com/11SF/dogjohn-be/app/order/order_submit_handler.go:47.2,48.16 2 17
github.com/11SF/dogjohn-be/app/order/order_submit_handler.go:48.16,53.3 3 0
github.com/11SF/dogjohn-be/app/order/order_submit_handler.go:54.2,57.16 3 17
github.com/11SF/dogjohn-be/app/order/order_submit_handler.go:57.16,62.3 3 0
github.com/11SF/dogjohn-be/app/order/order_submit_handler.go:65.2,70.16 2 17
github.com/11SF/dogjohn-be/app/order/order_submit_handler.go:70.16,75.3 3 1
github.com/11SF/dogjohn-be/app/order/order_submit_handler.go:77.2,78.16 2 16
github.com/11SF/dogjohn-be/app/order/order_submit_handler.go:78.16,83.3 3 1
github.com/11SF/dogjohn-be/app/order/order_submit_handler.go:85.2,85.24 1 15
github.com/11SF/dogjohn-be/app/order/order_submit_handler.go:85.24,90.3 3 1
github.com/11SF/dogjohn-be/app/order/order_submit_handler.go:92.2,93.16 2 14
github.com/11SF/dogjohn-be/app/order/order_submit_handler.go:93.16,98.3 3 1
github.com/11SF/dogjohn-be/app/order/order_submit_handler.go:100.2,101.34 2 13
github.com/11SF/dogjohn-be/app/order/order_submit_handler.go:101.34,108.17 2 12
github.com/11SF/dogjohn-be/app/order/order_submit_handler.go:108.17,114.4 4 1
github.com/11SF/dogjohn-be/app/order/order_submit_handler.go:117.3,117.91 1 11
github.com/11SF/dogjohn-be/app/order/order_submit_handler.go:117.91,119.4 1 1
github.com/11SF/dogjohn-be/app/order/order_submit_handler.go:122.3,122.27 1 11
github.com/11SF/dogjohn-be/app/order/order_submit_handler.go:122.27,128.4 4 1
github.com/11SF/dogjohn-be/app/order/order_submit_handler.go:130.3,138.42 6 10
github.com/11SF/dogjohn-be/app/order/order_submit_handler.go:138.42,144.4 4 1
github.com/11SF/dogjohn-be/app/order/order_submit_handler.go:146.3,146.84 1 9
github.com/11SF/dogjohn-be/app/order/order_submit_handler.go:146.84,152.4 4 1
github.com/11SF/dogjohn-be/app/order/order_submit_handler.go:155.3,156.17 2 8
github.com/11SF/dogjohn-be/app/order/order_submit_handler.go:156.17,162.4 4 1
github.com/11SF/dogjohn-be/app/order/order_submit_handler.go:163.3,163.12 1 7
github.com/11SF/dogjohn-be/app/order/order_submit_handler.go:163.12,169.4 4 1
github.com/11SF/dogjohn-be/app/order/order_submit_handler.go:173.2,173.86 1 7
github.com/11SF/dogjohn-be/app/order/order_submit_handler.go:173.86,178.3 3 1
github.com/11SF/dogjohn-be/app/order/order_submit_handler.go:181.2,181.54 1 6
github.com/11SF/dogjohn-be/app/order/order_submit_handler.go:181.54,183.3 1 1
github.com/11SF/dogjohn-be/app/order/order_submit_handler.go:186.2,186.77 1 6
github.com/11SF/dogjohn-be/app/order/order_submit_handler.go:186.77,188.3 1 1
github.com/11SF/dogjohn-be/app/order/order_submit_handler.go:190.2,190.88 1 6
github.com/11SF/dogjohn-be/app/order/order_summary_handler.go:16.51,20.16 3 2
github.com/11SF/dogjohn-be/app/order/order_summary_handler.go:20.16,24.3 2 1
github.com/11SF/dogjohn-be/app/order/order_summary_handler.go:26.2,30.4 1 1
github.com/11SF/dogjohn-be/app/payment/handler.go:15.45,19.2 1 2
github.com/11SF/dogjohn-be/app/payment/payment_handler.go:21.53,25.16 3 2
github.com/11SF/dogjohn-be/app/payment/payment_handler.go:25.16,29.3 2 1
github.com/11SF/dogjohn-be/app/payment/payment_handler.go:31.2,32.32 2 1
github.com/11SF/dogjohn-be/app/payment/payment_handler.go:32.32,34.3 1 3
github.com/11SF/dogjohn-be/app/payment/payment_handler.go:36.2,39.4 1 1
